layer at (0,0) size 800x600
  RenderView at (0,0) size 800x600
layer at (0,0) size 800x600
  RenderBlock {HTML} at (0,0) size 800x600
    RenderBody {BODY} at (8,8) size 784x584
      RenderBlock {DIV} at (0,0) size 5x90
        RenderMenuList {SELECT} at (0,0) size 28x30 [bgcolor=#FFFFFF] [border: (1px solid #000000)]
          RenderBlock (anonymous) at (1,1) size 26x28
            RenderText at (5,5) size 0x17
              text run at (5,5) width 0: " "
        RenderMenuList {SELECT} at (0,30) size 28x30 [bgcolor=#FFFFFF] [border: (1px solid #000000)]
          RenderBlock (anonymous) at (1,1) size 26x28
            RenderText at (5,5) size 0x17
              text run at (5,5) width 0: " "
        RenderMenuList {SELECT} at (0,60) size 28x30 [bgcolor=#FFFFFF] [border: (1px solid #000000)]
          RenderBlock (anonymous) at (1,1) size 26x28
            RenderText at (5,5) size 0x17
              text run at (5,5) width 0: " "
