layer at (0,0) size 800x600
  RenderView at (0,0) size 800x600
layer at (0,0) size 800x600
  RenderBlock {HTML} at (0,0) size 800x600
    RenderBody {BODY} at (8,8) size 784x584
      RenderText {#text} at (0,0) size 98x18
        text run at (0,0) width 98: "initial selected:"
      RenderBR {BR} at (97,0) size 1x18
      RenderListBox {SELECT} at (0,18) size 139x57 [bgcolor=#FFFFFF] [border: (1px inset #808080)]
      RenderBR {BR} at (139,54) size 0x18
      RenderText {#text} at (0,75) size 165x18
        text run at (0,75) width 165: "dynamic selected change:"
      RenderBR {BR} at (164,75) size 1x18
      RenderListBox {SELECT} at (0,93) size 139x57 [bgcolor=#FFFFFF] [border: (1px inset #808080)]
      RenderText {#text} at (139,129) size 4x18
        text run at (139,129) width 4: " "
      RenderBR {BR} at (143,129) size 0x18
      RenderText {#text} at (0,150) size 217x18
        text run at (0,150) width 217: "dynamic insert of selected option:"
      RenderBR {BR} at (216,150) size 1x18
      RenderListBox {SELECT} at (0,168) size 139x57 [bgcolor=#FFFFFF] [border: (1px inset #808080)]
      RenderBR {BR} at (139,204) size 0x18
      RenderText {#text} at (0,225) size 98x18
        text run at (0,225) width 98: "initial selected:"
      RenderBR {BR} at (97,225) size 1x18
      RenderMenuList {SELECT} at (0,243) size 153x18 [bgcolor=#FFFFFF]
        RenderBlock (anonymous) at (0,0) size 153x18
          RenderText at (8,2) size 122x13
            text run at (8,2) width 122: "this should be selected"
      RenderBR {BR} at (153,242) size 0x18
      RenderText {#text} at (0,261) size 165x18
        text run at (0,261) width 165: "dynamic selected change:"
      RenderBR {BR} at (164,261) size 1x18
      RenderMenuList {SELECT} at (0,280) size 153x18 [bgcolor=#FFFFFF]
        RenderBlock (anonymous) at (0,0) size 153x18
          RenderText at (8,2) size 122x13
            text run at (8,2) width 122: "this should be selected"
      RenderText {#text} at (153,279) size 4x18
        text run at (153,279) width 4: " "
      RenderBR {BR} at (157,279) size 0x18
      RenderText {#text} at (0,298) size 217x18
        text run at (0,298) width 217: "dynamic insert of selected option:"
      RenderBR {BR} at (216,298) size 1x18
      RenderMenuList {SELECT} at (0,316) size 153x18 [bgcolor=#FFFFFF]
        RenderBlock (anonymous) at (0,0) size 153x18
          RenderText at (8,2) size 122x13
            text run at (8,2) width 122: "this should be selected"
      RenderText {#text} at (0,0) size 0x0
