layer at (0,0) size 800x600
  RenderView at (0,0) size 800x600
layer at (0,0) size 800x58
  RenderBlock {HTML} at (0,0) size 800x58
    RenderBody {BODY} at (8,8) size 784x42
      RenderBlock {FORM} at (0,0) size 784x42
        RenderMenuList {SELECT} at (0,1) size 67x20 [color=#007AFF] [bgcolor=#E9E9EA] [border: (1px solid #FFFFFF)]
          RenderBlock (anonymous) at (6,3) size 55x14
            RenderText at (0,0) size 31x14
              text run at (0,0) width 31: "Three"
        RenderText {#text} at (67,0) size 4x19
          text run at (67,0) width 4: " "
        RenderBR {BR} at (71,0) size 0x19
        RenderMenuList {SELECT} at (0,22) size 67x20 [color=#007AFF] [bgcolor=#E9E9EA] [border: (1px solid #FFFFFF)]
          RenderBlock (anonymous) at (6,3) size 55x14
            RenderText at (0,0) size 31x14
              text run at (0,0) width 31: "Three"
        RenderText {#text} at (0,0) size 0x0
