layer at (0,0) size 800x600
  RenderView at (0,0) size 800x600
layer at (0,0) size 800x600
  RenderBlock {HTML} at (0,0) size 800x600
    RenderBody {BODY} at (8,8) size 784x584
      RenderBlock {CENTER} at (0,0) size 784x58
        RenderBlock {FORM} at (0,0) size 784x22
          RenderTable {TABLE} at (37,0) size 710x22
            RenderTableSection {TBODY} at (0,0) size 710x22
              RenderTableRow {TR} at (0,0) size 710x22
                RenderTableCell {TD} at (0,1) size 150x20 [r=0 c=0 rs=2 cs=1]
                  RenderText {#text} at (0,0) size 4x19
                    text run at (0,0) width 4: " "
                RenderTableCell {TD} at (150,0) size 291x22 [r=0 c=1 rs=1 cs=1]
                  RenderTextControl {INPUT} at (0,0) size 291x22 [bgcolor=#FFFFFF] [border: (2px inset #000000)]
                  RenderText {#text} at (0,0) size 0x0
                RenderTableCell {TD} at (441,0) size 109x22 [r=0 c=2 rs=1 cs=1]
                  RenderButton {INPUT} at (0,0) size 109x22 [bgcolor=#F0F0F0] [border: (2px outset #F0F0F0)]
                    RenderBlock (anonymous) at (8,3) size 93x16
                      RenderText at (0,0) size 93x16
                        text run at (0,0) width 93: "Search Froogle"
                  RenderText {#text} at (0,0) size 0x0
                RenderTableCell {TD} at (550,1) size 160x20 [r=0 c=3 rs=2 cs=1]
                  RenderInline {LABEL} at (0,0) size 119x13
                    RenderText {#text} at (0,0) size 0x0
                    RenderBlock {INPUT} at (14,3) size 13x13
                    RenderText {#text} at (30,5) size 99x14
                      text run at (30,6) width 99: " Remember this location"
                  RenderText {#text} at (0,0) size 0x0
        RenderBlock (anonymous) at (0,38) size 784x20
          RenderBR {BR} at (392,0) size 0x19
layer at (197,11) size 287x16
  RenderBlock {DIV} at (2,3) size 287x16
caret: position 1 of child 0 {#text} of child 1 {TD} of child 0 {TR} of child 1 {TBODY} of child 1 {TABLE} of child 1 {FORM} of child 1 {CENTER} of body
