layer at (0,0) size 800x600
  RenderView at (0,0) size 800x600
layer at (0,0) size 800x600
  RenderBlock {HTML} at (0,0) size 800x600
    RenderBody {BODY} at (8,8) size 784x584
      RenderTable {TABLE} at (0,0) size 162x54
        RenderTableSection {TBODY} at (0,0) size 162x54
          RenderTableRow {TR} at (0,2) size 162x50
            RenderTableCell {TD} at (2,2) size 158x50 [r=0 c=0 rs=1 cs=1]
              RenderBlock (anonymous) at (1,1) size 156x0
                RenderInline {SPAN} at (0,0) size 0x0
                  RenderText {#text} at (0,0) size 0x0
                  RenderInline {SPAN} at (0,0) size 0x0
                    RenderText {#text} at (0,0) size 0x0
                    RenderText {#text} at (0,0) size 0x0
              RenderBlock (anonymous) at (1,1) size 156x48
                RenderTable {TABLE} at (0,0) size 156x48
                  RenderTableSection {TBODY} at (0,0) size 156x48
                    RenderTableRow {TR} at (0,2) size 156x44
                      RenderTableCell {TD} at (2,2) size 152x44 [r=0 c=0 rs=1 cs=1]
                        RenderTable {TABLE} at (1,1) size 150x42
                          RenderTableSection {TBODY} at (0,0) size 150x42
                            RenderTableRow {TR} at (0,2) size 150x38
                              RenderTableCell {TD} at (2,2) size 146x38 [r=0 c=0 rs=1 cs=1]
                                RenderBlock {FORM} at (1,1) size 144x20
                                  RenderButton {INPUT} at (0,0) size 144x20 [color=#FFFFFF] [bgcolor=#007AFF] [border: (1px solid #FFFFFF)]
                                    RenderBlock (anonymous) at (12,3) size 120x14
                                      RenderText at (0,0) size 120x14
                                        text run at (0,0) width 120: "ApplyForThisPosition"
                                  RenderText {#text} at (0,0) size 0x0
              RenderBlock (anonymous) at (1,49) size 156x0
                RenderInline {SPAN} at (0,0) size 0x0
                  RenderInline {SPAN} at (0,0) size 0x0
                  RenderText {#text} at (0,0) size 0x0
                RenderText {#text} at (0,0) size 0x0
