layer at (0,0) size 800x600
  RenderView at (0,0) size 800x600
layer at (0,0) size 800x600
  RenderBlock {HTML} at (0,0) size 800x600
    RenderBody {BODY} at (8,8) size 784x584
      RenderTable {TABLE} at (0,0) size 188x61
        RenderTableSection {TBODY} at (0,0) size 188x61
          RenderTableRow {TR} at (0,2) size 188x57
            RenderTableCell {TD} at (2,2) size 184x57 [r=0 c=0 rs=1 cs=1]
              RenderBlock (anonymous) at (1,1) size 182x0
                RenderInline {SPAN} at (0,0) size 0x0
                  RenderText {#text} at (0,0) size 0x0
                  RenderInline {SPAN} at (0,0) size 0x0
                    RenderText {#text} at (0,0) size 0x0
                    RenderText {#text} at (0,0) size 0x0
              RenderBlock (anonymous) at (1,1) size 182x55
                RenderTable {TABLE} at (0,0) size 182x55
                  RenderTableSection {TBODY} at (0,0) size 182x55
                    RenderTableRow {TR} at (0,2) size 182x51
                      RenderTableCell {TD} at (2,2) size 178x51 [r=0 c=0 rs=1 cs=1]
                        RenderTable {TABLE} at (1,1) size 176x49
                          RenderTableSection {TBODY} at (0,0) size 176x49
                            RenderTableRow {TR} at (0,2) size 176x45
                              RenderTableCell {TD} at (2,2) size 172x45 [r=0 c=0 rs=1 cs=1]
                                RenderBlock {FORM} at (1,1) size 170x27
                                  RenderButton {INPUT} at (0,0) size 170x27 [color=#000000CC] [bgcolor=#C0C0C0] [border: (2px outset #C0C0C0)]
                                    RenderBlock (anonymous) at (8,4) size 154x18
                                      RenderText at (0,0) size 154x17
                                        text run at (0,0) width 154: "ApplyForThisPosition"
                                  RenderText {#text} at (0,0) size 0x0
              RenderBlock (anonymous) at (1,56) size 182x0
                RenderInline {SPAN} at (0,0) size 0x0
                  RenderInline {SPAN} at (0,0) size 0x0
                  RenderText {#text} at (0,0) size 0x0
                RenderText {#text} at (0,0) size 0x0
