layer at (0,0) size 1074x585
  RenderView at (0,0) size 800x585
layer at (0,0) size 800x585
  RenderBlock {HTML} at (0,0) size 800x585
    RenderBody {BODY} at (8,8) size 784x569
      RenderTable {TABLE} at (0,0) size 1066x138 [border: (2px solid #0000FF)]
        RenderTableSection {TBODY} at (2,2) size 1062x134
          RenderTableRow {TR} at (0,2) size 1062x130
            RenderTableCell {TD} at (2,2) size 284x130 [border: (1px solid #C0C0C0)] [r=0 c=0 rs=1 cs=1]
              RenderTable {TABLE} at (2,2) size 280x126 [border: (2px solid #008000)]
                RenderTableSection {TBODY} at (2,2) size 276x122
                  RenderTableRow {TR} at (0,2) size 276x70
                    RenderTableCell {TD} at (2,2) size 272x70 [border: (1px solid #C0C0C0)] [r=0 c=0 rs=1 cs=1]
                      RenderTable {TABLE} at (2,2) size 204x36 [border: (2px solid #FF0000)]
                        RenderTableSection {TBODY} at (2,2) size 200x32
                          RenderTableRow {TR} at (0,2) size 200x28
                            RenderTableCell {TD} at (2,2) size 196x28 [border: (1px solid #C0C0C0)] [r=0 c=0 rs=1 cs=1]
                              RenderTextControl {INPUT} at (2,2) size 192x24 [bgcolor=#FFFFFF] [border: (2px inset #000000)]
                              RenderText {#text} at (0,0) size 0x0
                      RenderTable {TABLE} at (2,38) size 268x30 [border: (2px solid #FF0000)]
                        RenderTableSection {TBODY} at (2,2) size 264x26
                          RenderTableRow {TR} at (0,2) size 264x22
                            RenderTableCell {TD} at (2,2) size 260x22 [border: (1px solid #C0C0C0)] [r=0 c=0 rs=1 cs=1]
                              RenderText {#text} at (2,2) size 247x17
                                text run at (2,2) width 247: "THIS TABLE NEEDS TO BE HERE"
                  RenderTableRow {TR} at (0,74) size 276x46
                    RenderTableCell {TD} at (2,74) size 272x46 [border: (1px solid #C0C0C0)] [r=1 c=0 rs=1 cs=1]
                      RenderTable {TABLE} at (2,2) size 268x42 [border: (2px solid #FF0000)]
                        RenderTableSection {TBODY} at (2,2) size 264x38
                          RenderTableRow {TR} at (0,2) size 264x34
                            RenderTableCell {TD} at (2,2) size 260x34 [border: (1px solid #C0C0C0)] [r=0 c=0 rs=1 cs=1]
                              RenderMenuList {SELECT} at (2,2) size 256x30 [bgcolor=#FFFFFF] [border: (1px solid #000000)]
                                RenderBlock (anonymous) at (1,1) size 254x28
                                  RenderText at (5,5) size 228x17
                                    text run at (5,5) width 228: "USE THIS JAVASCRIPT HERE"
                              RenderText {#text} at (0,0) size 0x0
            RenderTableCell {TD} at (288,2) size 772x40 [border: (1px solid #C0C0C0)] [r=0 c=1 rs=1 cs=1]
              RenderText {#text} at (2,2) size 768x35
                text run at (2,2) width 768: "KEEPoTHEoTEXToHEREoASoLONGoASoPOSSIBLEooKEEPoTHEoTEXToHEREoASoLONGoASoPOSSIBLE"
                text run at (2,20) width 612: "THIS SIMULATES THE PROBLEM ON THE WWW.MAPBLAST.COM/ \"CREATE MAP\""
layer at (29,29) size 186x18 scrollWidth 197
  RenderBlock {DIV} at (3,3) size 186x18
    RenderText {#text} at (0,0) size 196x17
      text run at (0,0) width 196: "THIS NEEDS THIS VALUE"
