layer at (0,0) size 800x600
  RenderView at (0,0) size 800x600
layer at (0,0) size 800x600
  RenderBlock {HTML} at (0,0) size 800x600
    RenderBody {BODY} at (8,8) size 784x584
      RenderMenuList {SELECT} at (0,0) size 71x30 [color=#00000066] [bgcolor=#FFFFFF] [border: (1px solid #00000066)]
        RenderBlock (anonymous) at (1,1) size 69x28
          RenderText at (5,5) size 43x17
            text run at (5,5) width 43: "PASS"
      RenderBR {BR} at (71,6) size 0x17
      RenderMenuList {SELECT} at (0,30) size 71x30 [color=#00000066] [bgcolor=#FFFFFF] [border: (1px solid #00000066)]
        RenderBlock (anonymous) at (1,1) size 69x28
          RenderText at (5,5) size 43x17
            text run at (5,5) width 43: "PASS"
      RenderBR {BR} at (71,36) size 0x17
      RenderMenuList {SELECT} at (0,60) size 71x30 [bgcolor=#FFFFFF] [border: (1px solid #000000)]
        RenderBlock (anonymous) at (1,1) size 69x28
          RenderText at (5,5) size 43x17
            text run at (5,5) width 43: "PASS"
      RenderBR {BR} at (71,66) size 0x17
      RenderMenuList {SELECT} at (0,90) size 71x30 [bgcolor=#FFFFFF] [border: (1px solid #000000)]
        RenderBlock (anonymous) at (1,1) size 69x28
          RenderText at (5,5) size 43x17
            text run at (5,5) width 43: "PASS"
      RenderBR {BR} at (71,96) size 0x17
      RenderListBox {SELECT} at (0,120) size 64x73 [color=#00000066] [bgcolor=#FFFFFF] [border: (1px inset #808080)]
      RenderBR {BR} at (64,172) size 0x17
      RenderListBox {SELECT} at (0,193) size 64x73 [color=#00000066] [bgcolor=#FFFFFF] [border: (1px inset #808080)]
      RenderBR {BR} at (64,245) size 0x17
      RenderListBox {SELECT} at (0,266) size 64x73 [bgcolor=#FFFFFF] [border: (1px inset #808080)]
      RenderBR {BR} at (64,318) size 0x17
      RenderListBox {SELECT} at (0,339) size 64x73 [bgcolor=#FFFFFF] [border: (1px inset #808080)]
      RenderBR {BR} at (64,391) size 0x17
      RenderText {#text} at (0,412) size 485x17
        text run at (0,412) width 485: "PASS: sel1 correctly set to selectedIndex 1 by sel1.options[1].selected = true."
      RenderBR {BR} at (484,412) size 1x17
      RenderText {#text} at (0,430) size 437x17
        text run at (0,430) width 437: "PASS: sel2 correctly set to selectedIndex 1 by sel2.selectedIndex = 1."
      RenderBR {BR} at (436,430) size 1x17
      RenderText {#text} at (0,448) size 485x17
        text run at (0,448) width 485: "PASS: sel3 correctly set to selectedIndex 1 by sel3.options[1].selected = true."
      RenderBR {BR} at (484,448) size 1x17
      RenderText {#text} at (0,466) size 437x17
        text run at (0,466) width 437: "PASS: sel4 correctly set to selectedIndex 1 by sel4.selectedIndex = 1."
      RenderBR {BR} at (436,466) size 1x17
      RenderText {#text} at (0,484) size 485x17
        text run at (0,484) width 485: "PASS: sel5 correctly set to selectedIndex 1 by sel5.options[1].selected = true."
      RenderBR {BR} at (484,484) size 1x17
      RenderText {#text} at (0,502) size 437x17
        text run at (0,502) width 437: "PASS: sel6 correctly set to selectedIndex 1 by sel6.selectedIndex = 1."
      RenderBR {BR} at (436,502) size 1x17
      RenderText {#text} at (0,520) size 485x17
        text run at (0,520) width 485: "PASS: sel7 correctly set to selectedIndex 1 by sel7.options[1].selected = true."
      RenderBR {BR} at (484,520) size 1x17
      RenderText {#text} at (0,538) size 437x17
        text run at (0,538) width 437: "PASS: sel8 correctly set to selectedIndex 1 by sel8.selectedIndex = 1."
      RenderBR {BR} at (436,538) size 1x17
