layer at (0,0) size 800x600
  RenderView at (0,0) size 800x600
layer at (0,0) size 800x64
  RenderBlock {HTML} at (0,0) size 800x64
    RenderBody {BODY} at (8,8) size 784x48
      RenderBlock {DIV} at (0,0) size 784x24
        RenderText {#text} at (625,3) size 159x17
          text run at (625,3) width 8 RTL: ": "
          text run at (633,3) width 151: "right to left search fields"
        RenderTextControl {INPUT} at (434,0) size 191x24 [bgcolor=#FFFFFF] [border: (2px inset #000000)]
          RenderFlexibleBox {DIV} at (3,3) size 185x18
            RenderBlock {DIV} at (185,9) size 0x0
            RenderBlock {DIV} at (16,0) size 169x18
        RenderText {#text} at (430,3) size 4x17
          text run at (430,3) width 4 RTL: " "
        RenderTextControl {INPUT} at (239,0) size 191x24 [bgcolor=#FFFFFF] [border: (2px inset #000000)]
          RenderFlexibleBox {DIV} at (3,3) size 185x18
            RenderBlock {DIV} at (16,0) size 153x18
        RenderText {#text} at (0,0) size 0x0
      RenderBlock {DIV} at (0,24) size 784x24
        RenderText {#text} at (0,3) size 159x17
          text run at (0,3) width 159: "left to right search fields: "
        RenderTextControl {INPUT} at (159,0) size 192x24 [bgcolor=#FFFFFF] [border: (2px inset #000000)]
          RenderFlexibleBox {DIV} at (3,3) size 186x18
            RenderBlock {DIV} at (0,9) size 0x0
            RenderBlock {DIV} at (0,0) size 170x18
        RenderText {#text} at (351,3) size 4x17
          text run at (351,3) width 4: " "
        RenderTextControl {INPUT} at (355,0) size 192x24 [bgcolor=#FFFFFF] [border: (2px inset #000000)]
          RenderFlexibleBox {DIV} at (3,3) size 186x18
            RenderBlock {DIV} at (16,0) size 154x18
        RenderText {#text} at (0,0) size 0x0
layer at (461,11) size 169x18
  RenderBlock {DIV} at (0,0) size 169x18
    RenderText {#text} at (124,0) size 45x17
      text run at (124,0) width 45: "foobar"
layer at (266,11) size 153x18
  RenderBlock {DIV} at (0,0) size 153x18
    RenderText {#text} at (108,0) size 45x17
      text run at (108,0) width 45: "foobar"
layer at (170,35) size 170x18
  RenderBlock {DIV} at (0,0) size 170x18
    RenderText {#text} at (0,0) size 45x17
      text run at (0,0) width 45: "foobar"
layer at (382,35) size 154x18
  RenderBlock {DIV} at (0,0) size 154x18
    RenderText {#text} at (0,0) size 45x17
      text run at (0,0) width 45: "foobar"
layer at (445,12) size 16x16
  RenderBlock {DIV} at (0,1) size 16x16 [bgcolor=#000000]
layer at (419,12) size 16x16
  RenderBlock {DIV} at (169,1) size 16x16 [bgcolor=#000000]
layer at (250,12) size 16x16
  RenderBlock {DIV} at (0,1) size 16x16 [bgcolor=#000000]
layer at (340,36) size 16x16
  RenderBlock {DIV} at (170,1) size 16x16 [bgcolor=#000000]
layer at (366,36) size 16x16
  RenderBlock {DIV} at (0,1) size 16x16 [bgcolor=#000000]
layer at (536,36) size 16x16
  RenderBlock {DIV} at (170,1) size 16x16 [bgcolor=#000000]
