layer at (0,0) size 800x600
  RenderView at (0,0) size 800x600
layer at (0,0) size 800x320
  RenderBlock {HTML} at (0,0) size 800x320
    RenderBody {BODY} at (8,16) size 784x288
      RenderBlock {P} at (0,0) size 784x22
        RenderTextControl {INPUT} at (631,1) size 153x22 [bgcolor=#FFFFFF] [border: (1px solid #3C3C4399)]
        RenderText {#text} at (0,0) size 0x0
      RenderBlock {P} at (0,38) size 784x22
        RenderTextControl {INPUT} at (631,1) size 153x22 [bgcolor=#FFFFFF] [border: (1px solid #3C3C4399)]
        RenderText {#text} at (0,0) size 0x0
      RenderBlock {P} at (0,76) size 784x22
        RenderTextControl {INPUT} at (0,1) size 153x22 [bgcolor=#FFFFFF] [border: (1px solid #3C3C4399)]
        RenderText {#text} at (0,0) size 0x0
      RenderBlock {P} at (0,114) size 784x22
        RenderTextControl {INPUT} at (0,1) size 153x22 [bgcolor=#FFFFFF] [border: (1px solid #3C3C4399)]
        RenderText {#text} at (0,0) size 0x0
        RenderText {#text} at (0,0) size 0x0
      RenderBlock {P} at (0,152) size 784x22
        RenderTextControl {INPUT} at (0,1) size 155x22 [bgcolor=#FFFFFF] [border: (1px solid #3C3C4399)]
        RenderText {#text} at (0,0) size 0x0
      RenderBlock {P} at (0,190) size 784x22
        RenderTextControl {INPUT} at (0,1) size 155x22 [bgcolor=#FFFFFF] [border: (1px solid #3C3C4399)]
        RenderText {#text} at (0,0) size 0x0
        RenderText {#text} at (0,0) size 0x0
      RenderBlock {P} at (0,228) size 784x22
        RenderTextControl {INPUT} at (0,1) size 153x22 [bgcolor=#FFFFFF] [border: (1px solid #3C3C4399)]
        RenderText {#text} at (0,0) size 0x0
      RenderBlock {P} at (0,266) size 784x22
        RenderTextControl {INPUT} at (0,1) size 153x22 [bgcolor=#FFFFFF] [border: (1px solid #3C3C4399)]
        RenderText {#text} at (0,0) size 0x0
        RenderText {#text} at (0,0) size 0x0
layer at (646,20) size 139x14
  RenderBlock {DIV} at (6,3) size 141x15
    RenderText {#text} at (134,0) size 6x14
      text run at (134,0) width 6: "1"
layer at (646,58) size 139x14
  RenderBlock {DIV} at (6,3) size 141x15
    RenderText {#text} at (133,0) size 7x14
      text run at (133,0) width 7: "2"
layer at (15,96) size 139x14
  RenderBlock {DIV} at (6,3) size 141x15
    RenderText {#text} at (132,0) size 8x14
      text run at (132,0) width 8: "3"
layer at (15,134) size 139x14
  RenderBlock {DIV} at (6,3) size 141x15
    RenderText {#text} at (113,0) size 27x14
      text run at (113,0) width 27: "1234"
layer at (15,172) size 141x14
  RenderBlock {DIV} at (6,3) size 143x15
    RenderText {#text} at (0,0) size 7x14
      text run at (0,0) width 7: "5"
layer at (15,210) size 141x14
  RenderBlock {DIV} at (6,3) size 143x15
    RenderText {#text} at (0,0) size 8x14
      text run at (0,0) width 8: "6"
layer at (15,248) size 139x14
  RenderBlock {DIV} at (6,3) size 141x15
    RenderText {#text} at (133,0) size 7x14
      text run at (133,0) width 7: "7"
layer at (15,286) size 139x14
  RenderBlock {DIV} at (6,3) size 141x15
    RenderText {#text} at (132,0) size 8x14
      text run at (132,0) width 8: "8"
caret: position 4 of child 0 {#text} of child 0 {DIV} of {#document-fragment} of child 0 {INPUT} of child 6 {P} of body
