layer at (0,0) size 800x600
  RenderView at (0,0) size 800x600
layer at (0,0) size 800x274
  RenderBlock {HTML} at (0,0) size 800x274
    RenderBody {BODY} at (8,8) size 784x258
      RenderBlock (anonymous) at (0,0) size 784x40
        RenderText {#text} at (0,0) size 615x19
          text run at (0,0) width 615: "This test verifies the visual alignment of items in a select element while changing text direction."
        RenderBR {BR} at (614,0) size 1x19
        RenderText {#text} at (0,20) size 438x19
          text run at (0,20) width 438: "All the items in the following select elements should be left-aligned."
      RenderTable {TABLE} at (0,40) size 638x52
        RenderTableSection {TBODY} at (0,0) size 638x52
          RenderTableRow {TR} at (0,2) size 638x23
            RenderTableCell {TD} at (2,2) size 160x23 [r=0 c=0 rs=1 cs=1]
              RenderMenuList {SELECT} at (1,2) size 158x20 [color=#007AFF] [bgcolor=#E9E9EA] [border: (1px solid #FFFFFF)]
                RenderBlock (anonymous) at (6,3) size 146x14
                  RenderText at (0,0) size 0x14
                    text run at (0,0) width 0: " "
            RenderTableCell {TD} at (164,2) size 154x23 [r=0 c=1 rs=1 cs=1]
              RenderMenuList {SELECT} at (1,2) size 152x20 [color=#007AFF] [bgcolor=#E9E9EA] [border: (1px solid #FFFFFF)]
                RenderBlock (anonymous) at (6,3) size 140x14
                  RenderText at (0,0) size 0x14
                    text run at (0,0) width 0: " "
            RenderTableCell {TD} at (320,2) size 160x23 [r=0 c=2 rs=1 cs=1]
              RenderMenuList {SELECT} at (1,2) size 158x20 [color=#007AFF] [bgcolor=#E9E9EA] [border: (1px solid #FFFFFF)]
                RenderBlock (anonymous) at (6,3) size 146x14
                  RenderText at (146,0) size 0x14
                    text run at (146,0) width 0 RTL: " "
            RenderTableCell {TD} at (482,2) size 154x23 [r=0 c=3 rs=1 cs=1]
              RenderMenuList {SELECT} at (1,2) size 152x20 [color=#007AFF] [bgcolor=#E9E9EA] [border: (1px solid #FFFFFF)]
                RenderBlock (anonymous) at (6,3) size 140x14
                  RenderText at (140,0) size 0x14
                    text run at (140,0) width 0 RTL: " "
          RenderTableRow {TR} at (0,27) size 638x23
            RenderTableCell {TD} at (2,27) size 160x23 [r=1 c=0 rs=1 cs=1]
              RenderMenuList {SELECT} at (1,2) size 158x20 [color=#007AFF] [bgcolor=#E9E9EA] [border: (1px solid #FFFFFF)]
                RenderBlock (anonymous) at (6,3) size 146x14
                  RenderText at (0,0) size 0x14
                    text run at (0,0) width 0: " "
            RenderTableCell {TD} at (164,27) size 154x23 [r=1 c=1 rs=1 cs=1]
              RenderMenuList {SELECT} at (1,2) size 152x20 [color=#007AFF] [bgcolor=#E9E9EA] [border: (1px solid #FFFFFF)]
                RenderBlock (anonymous) at (6,3) size 140x14
                  RenderText at (0,0) size 0x14
                    text run at (0,0) width 0: " "
      RenderBlock (anonymous) at (0,92) size 784x20
        RenderText {#text} at (0,0) size 447x19
          text run at (0,0) width 447: "All the items in the following select elements should be right-aligned."
      RenderTable {TABLE} at (0,112) size 630x52
        RenderTableSection {TBODY} at (0,0) size 630x52
          RenderTableRow {TR} at (0,2) size 630x23
            RenderTableCell {TD} at (2,2) size 167x23 [r=0 c=0 rs=1 cs=1]
              RenderMenuList {SELECT} at (1,2) size 165x20 [color=#007AFF] [bgcolor=#E9E9EA] [border: (1px solid #FFFFFF)]
                RenderBlock (anonymous) at (6,3) size 153x14
                  RenderText at (153,0) size 0x14
                    text run at (153,0) width 0 RTL: " "
            RenderTableCell {TD} at (171,2) size 143x23 [r=0 c=1 rs=1 cs=1]
              RenderMenuList {SELECT} at (1,2) size 141x20 [color=#007AFF] [bgcolor=#E9E9EA] [border: (1px solid #FFFFFF)]
                RenderBlock (anonymous) at (6,3) size 129x14
                  RenderText at (129,0) size 0x14
                    text run at (129,0) width 0 RTL: " "
            RenderTableCell {TD} at (316,2) size 167x23 [r=0 c=2 rs=1 cs=1]
              RenderMenuList {SELECT} at (1,2) size 165x20 [color=#007AFF] [bgcolor=#E9E9EA] [border: (1px solid #FFFFFF)]
                RenderBlock (anonymous) at (6,3) size 153x14
                  RenderText at (153,0) size 0x14
                    text run at (153,0) width 0 RTL: " "
            RenderTableCell {TD} at (485,2) size 143x23 [r=0 c=3 rs=1 cs=1]
              RenderMenuList {SELECT} at (1,2) size 141x20 [color=#007AFF] [bgcolor=#E9E9EA] [border: (1px solid #FFFFFF)]
                RenderBlock (anonymous) at (6,3) size 129x14
                  RenderText at (129,0) size 0x14
                    text run at (129,0) width 0 RTL: " "
          RenderTableRow {TR} at (0,27) size 630x23
            RenderTableCell {TD} at (2,27) size 167x23 [r=1 c=0 rs=1 cs=1]
              RenderMenuList {SELECT} at (1,2) size 165x20 [color=#007AFF] [bgcolor=#E9E9EA] [border: (1px solid #FFFFFF)]
                RenderBlock (anonymous) at (6,3) size 153x14
                  RenderText at (0,0) size 0x14
                    text run at (0,0) width 0: " "
            RenderTableCell {TD} at (171,27) size 143x23 [r=1 c=1 rs=1 cs=1]
              RenderMenuList {SELECT} at (1,2) size 141x20 [color=#007AFF] [bgcolor=#E9E9EA] [border: (1px solid #FFFFFF)]
                RenderBlock (anonymous) at (6,3) size 129x14
                  RenderText at (0,0) size 0x14
                    text run at (0,0) width 0: " "
      RenderBlock (anonymous) at (0,164) size 784x20
        RenderText {#text} at (0,0) size 456x19
          text run at (0,0) width 456: "All the items in the following select elements should be center-aligned."
      RenderTable {TABLE} at (0,184) size 668x27
        RenderTableSection {TBODY} at (0,0) size 668x27
          RenderTableRow {TR} at (0,2) size 668x23
            RenderTableCell {TD} at (2,2) size 177x23 [r=0 c=0 rs=1 cs=1]
              RenderMenuList {SELECT} at (1,2) size 175x20 [color=#007AFF] [bgcolor=#E9E9EA] [border: (1px solid #FFFFFF)]
                RenderBlock (anonymous) at (6,3) size 163x14
                  RenderText at (163,0) size 0x14
                    text run at (163,0) width 0 RTL: " "
            RenderTableCell {TD} at (181,2) size 152x23 [r=0 c=1 rs=1 cs=1]
              RenderMenuList {SELECT} at (1,2) size 150x20 [color=#007AFF] [bgcolor=#E9E9EA] [border: (1px solid #FFFFFF)]
                RenderBlock (anonymous) at (6,3) size 138x14
                  RenderText at (138,0) size 0x14
                    text run at (138,0) width 0 RTL: " "
            RenderTableCell {TD} at (335,2) size 177x23 [r=0 c=2 rs=1 cs=1]
              RenderMenuList {SELECT} at (1,2) size 175x20 [color=#007AFF] [bgcolor=#E9E9EA] [border: (1px solid #FFFFFF)]
                RenderBlock (anonymous) at (6,3) size 163x14
                  RenderText at (0,0) size 0x14
                    text run at (0,0) width 0: " "
            RenderTableCell {TD} at (514,2) size 152x23 [r=0 c=3 rs=1 cs=1]
              RenderMenuList {SELECT} at (1,2) size 150x20 [color=#007AFF] [bgcolor=#E9E9EA] [border: (1px solid #FFFFFF)]
                RenderBlock (anonymous) at (6,3) size 138x14
                  RenderText at (0,0) size 0x14
                    text run at (0,0) width 0: " "
      RenderBlock (anonymous) at (0,211) size 784x20
        RenderText {#text} at (0,0) size 296x19
          text run at (0,0) width 296: "The following tables check mixed alignments."
      RenderTable {TABLE} at (0,231) size 710x27
        RenderTableSection {TBODY} at (0,0) size 710x27
          RenderTableRow {TR} at (0,2) size 710x23
            RenderTableCell {TD} at (2,2) size 172x23 [r=0 c=0 rs=1 cs=1]
              RenderMenuList {SELECT} at (1,2) size 170x20 [color=#007AFF] [bgcolor=#E9E9EA] [border: (1px solid #FFFFFF)]
                RenderBlock (anonymous) at (6,3) size 158x14
                  RenderText at (158,0) size 0x14
                    text run at (158,0) width 0 RTL: " "
            RenderTableCell {TD} at (176,2) size 172x23 [r=0 c=1 rs=1 cs=1]
              RenderMenuList {SELECT} at (1,2) size 170x20 [color=#007AFF] [bgcolor=#E9E9EA] [border: (1px solid #FFFFFF)]
                RenderBlock (anonymous) at (6,3) size 158x14
                  RenderText at (0,0) size 0x14
                    text run at (0,0) width 0: " "
            RenderTableCell {TD} at (350,2) size 178x23 [r=0 c=2 rs=1 cs=1]
              RenderMenuList {SELECT} at (1,2) size 176x20 [color=#007AFF] [bgcolor=#E9E9EA] [border: (1px solid #FFFFFF)]
                RenderBlock (anonymous) at (6,3) size 164x14
                  RenderText at (164,0) size 0x14
                    text run at (164,0) width 0 RTL: " "
            RenderTableCell {TD} at (530,2) size 178x23 [r=0 c=3 rs=1 cs=1]
              RenderMenuList {SELECT} at (1,2) size 176x20 [color=#007AFF] [bgcolor=#E9E9EA] [border: (1px solid #FFFFFF)]
                RenderBlock (anonymous) at (6,3) size 164x14
                  RenderText at (0,0) size 0x14
                    text run at (0,0) width 0: " "
