layer at (0,0) size 800x600
  RenderView at (0,0) size 800x600
layer at (0,0) size 800x600
  RenderBlock {HTML} at (0,0) size 800x600
    RenderBody {BODY} at (8,8) size 784x584
      RenderMenuList {SELECT} at (0,1) size 62x20 [color=#007AFF] [bgcolor=#E9E9EA] [border: (1px solid #FFFFFF)]
        RenderBlock (anonymous) at (6,3) size 50x14
          RenderText at (0,0) size 38x14
            text run at (0,0) width 38: "Default"
      RenderText {#text} at (62,0) size 4x19
        text run at (62,0) width 4: " "
      RenderMenuList {SELECT} at (66,1) size 45x20 [color=#FF0000] [bgcolor=#E9E9EA] [border: (1px solid #FFFFFF)]
        RenderBlock (anonymous) at (6,3) size 33x14
          RenderText at (0,0) size 21x14
            text run at (0,0) width 21: "Red"
      RenderText {#text} at (111,0) size 4x19
        text run at (111,0) width 4: " "
      RenderMenuList {SELECT} at (115,1) size 112x20 [color=#007AFF] [bgcolor=#008000] [border: (1px solid #FFFFFF)]
        RenderBlock (anonymous) at (6,3) size 100x14
          RenderText at (0,0) size 88x14
            text run at (0,0) width 88: "Default on green"
      RenderText {#text} at (227,0) size 4x19
        text run at (227,0) width 4: " "
      RenderMenuList {SELECT} at (231,1) size 94x20 [color=#FF0000] [bgcolor=#008000] [border: (1px solid #FFFFFF)]
        RenderBlock (anonymous) at (6,3) size 82x14
          RenderText at (0,0) size 70x14
            text run at (0,0) width 70: "Red on green"
      RenderText {#text} at (0,0) size 0x0
