layer at (0,0) size 800x600
  RenderView at (0,0) size 800x600
layer at (0,0) size 800x600
  RenderBlock {HTML} at (0,0) size 800x600
    RenderBody {BODY} at (8,8) size 784x584
      RenderText {#text} at (0,0) size 98x19
        text run at (0,0) width 98: "initial selected:"
      RenderBR {BR} at (97,0) size 1x19
      RenderMenuList {SELECT} at (0,20) size 146x20 [color=#007AFF] [bgcolor=#E9E9EA] [border: (1px solid #FFFFFF)]
        RenderBlock (anonymous) at (6,3) size 134x14
          RenderText at (0,0) size 122x14
            text run at (0,0) width 122: "this should be selected"
      RenderBR {BR} at (146,19) size 0x19
      RenderText {#text} at (0,40) size 165x19
        text run at (0,40) width 165: "dynamic selected change:"
      RenderBR {BR} at (164,40) size 1x19
      RenderMenuList {SELECT} at (0,61) size 146x20 [color=#007AFF] [bgcolor=#E9E9EA] [border: (1px solid #FFFFFF)]
        RenderBlock (anonymous) at (6,3) size 134x14
          RenderText at (0,0) size 122x14
            text run at (0,0) width 122: "this should be selected"
      RenderText {#text} at (146,60) size 4x19
        text run at (146,60) width 4: " "
      RenderBR {BR} at (150,60) size 0x19
      RenderText {#text} at (0,81) size 217x19
        text run at (0,81) width 217: "dynamic insert of selected option:"
      RenderBR {BR} at (216,81) size 1x19
      RenderMenuList {SELECT} at (0,101) size 146x20 [color=#007AFF] [bgcolor=#E9E9EA] [border: (1px solid #FFFFFF)]
        RenderBlock (anonymous) at (6,3) size 134x14
          RenderText at (0,0) size 122x14
            text run at (0,0) width 122: "this should be selected"
      RenderBR {BR} at (146,100) size 0x19
      RenderText {#text} at (0,121) size 98x19
        text run at (0,121) width 98: "initial selected:"
      RenderBR {BR} at (97,121) size 1x19
      RenderMenuList {SELECT} at (0,141) size 146x20 [color=#007AFF] [bgcolor=#E9E9EA] [border: (1px solid #FFFFFF)]
        RenderBlock (anonymous) at (6,3) size 134x14
          RenderText at (0,0) size 122x14
            text run at (0,0) width 122: "this should be selected"
      RenderBR {BR} at (146,140) size 0x19
      RenderText {#text} at (0,161) size 165x19
        text run at (0,161) width 165: "dynamic selected change:"
      RenderBR {BR} at (164,161) size 1x19
      RenderMenuList {SELECT} at (0,182) size 146x20 [color=#007AFF] [bgcolor=#E9E9EA] [border: (1px solid #FFFFFF)]
        RenderBlock (anonymous) at (6,3) size 134x14
          RenderText at (0,0) size 122x14
            text run at (0,0) width 122: "this should be selected"
      RenderText {#text} at (146,181) size 4x19
        text run at (146,181) width 4: " "
      RenderBR {BR} at (150,181) size 0x19
      RenderText {#text} at (0,202) size 217x19
        text run at (0,202) width 217: "dynamic insert of selected option:"
      RenderBR {BR} at (216,202) size 1x19
      RenderMenuList {SELECT} at (0,222) size 146x20 [color=#007AFF] [bgcolor=#E9E9EA] [border: (1px solid #FFFFFF)]
        RenderBlock (anonymous) at (6,3) size 134x14
          RenderText at (0,0) size 122x14
            text run at (0,0) width 122: "this should be selected"
      RenderText {#text} at (0,0) size 0x0
