layer at (0,0) size 800x600
  RenderView at (0,0) size 800x600
layer at (0,0) size 800x72
  RenderBlock {HTML} at (0,0) size 800x72
    RenderBody {BODY} at (8,16) size 784x48
      RenderBlock {P} at (0,0) size 784x20
        RenderText {#text} at (0,0) size 284x19
          text run at (0,0) width 284: "This test passes if it does not crash or assert."
      RenderBlock {DIV} at (0,36) size 784x12
        RenderBlock {DIV} at (0,0) size 784x12
          RenderBlock {DIV} at (0,0) size 784x12
            RenderBlock {DIV} at (0,0) size 784x12
              RenderBlock {DIV} at (0,0) size 784x12
                RenderBlock {DIV} at (0,0) size 784x12
                  RenderBlock {DIV} at (0,0) size 784x12
                    RenderBlock {DIV} at (0,0) size 784x12
                      RenderBlock {DIV} at (0,0) size 784x12
                        RenderBlock {DIV} at (0,0) size 784x12
                          RenderBlock {DIV} at (0,0) size 784x12
                            RenderBlock {DIV} at (0,0) size 784x12
                              RenderSVGRoot {svg} at (8,61) size 0x0
                                RenderSVGEllipse {circle} at (8,61) size 0x0 [stroke={[type=SOLID] [color=#FF0000] [stroke width=NaN]}] [fill={[type=SOLID] [color=#000000]}] [cx=0.00] [cy=0.00] [r=1.00]
                                RenderSVGRect {rect} at (8,61) size 0x0 [stroke={[type=SOLID] [color=#FF0000] [stroke width=NaN]}] [fill={[type=SOLID] [color=#000000]}] [x=0.00] [y=0.00] [width=1.00] [height=1.00]
                              RenderText {#text} at (0,0) size 0x0
