layer at (0,0) size 800x600
  RenderView at (0,0) size 800x600
layer at (0,0) size 800x216
  RenderBlock {HTML} at (0,0) size 800x216
    RenderBody {BODY} at (8,16) size 784x192
      RenderBlock {P} at (0,0) size 784x20
        RenderText {#text} at (0,0) size 758x19
          text run at (0,0) width 758: "This tests that the Strong Password AutoFill button renders in an auto-filled input. It can only be tested in the test tool."
      RenderBlock {DIV} at (0,36) size 784x156
        RenderTextControl {INPUT} at (0,15) size 153x20 [bgcolor=#FAFFBD] [border: (1px solid #3C3C4399)]
        RenderText {#text} at (153,14) size 4x19
          text run at (153,14) width 4: " "
        RenderTextControl {INPUT} at (157,15) size 153x20 [bgcolor=#FAFFBD] [border: (1px solid #3C3C4399)]
        RenderText {#text} at (310,14) size 4x19
          text run at (310,14) width 4: " "
        RenderTextControl {INPUT} at (314,15) size 313x20 [bgcolor=#FAFFBD] [border: (1px solid #3C3C4399)]
        RenderText {#text} at (627,14) size 4x19
          text run at (627,14) width 4: " "
        RenderTextControl {INPUT} at (631,0) size 33x20 [bgcolor=#FAFFBD] [border: (1px solid #3C3C4399)]
        RenderText {#text} at (0,0) size 0x0
        RenderTextControl {INPUT} at (0,49) size 153x108 [bgcolor=#FAFFBD] [border: (1px solid #3C3C4399)]
        RenderText {#text} at (153,92) size 4x19
          text run at (153,92) width 4: " "
        RenderTextControl {INPUT} at (157,34) size 33x108 [bgcolor=#FAFFBD] [border: (1px solid #3C3C4399)]
        RenderText {#text} at (190,92) size 4x19
          text run at (190,92) width 4: " "
        RenderTextControl {INPUT} at (194,93) size 153x20 [bgcolor=#FAFFBD] [border: (1px solid #3C3C4399)]
layer at (15,70) size 140x12 scrollHeight 15
  RenderFlexibleBox {DIV} at (6,3) size 141x13
    RenderBlock {DIV} at (45,0) size 95x15 [color=#000000CC]
      RenderText {#text} at (6,0) size 89x14
        text run at (6,0) width 89: "Strong Password"
layer at (15,70) size 46x15 backgroundClip at (15,70) size 45x12 clip at (15,70) size 45x12
  RenderBlock {DIV} at (0,0) size 46x15
layer at (172,70) size 140x12 scrollHeight 15
  RenderFlexibleBox {DIV} at (6,3) size 141x13
    RenderBlock {DIV} at (45,0) size 95x15 [color=#000000CC]
      RenderText {#text} at (6,0) size 89x14
        text run at (6,0) width 89: "Strong Password"
layer at (172,70) size 46x15 backgroundClip at (172,70) size 45x12 clip at (172,70) size 45x12
  RenderBlock {DIV} at (0,0) size 46x15
layer at (329,70) size 300x12 scrollHeight 15
  RenderFlexibleBox {DIV} at (6,3) size 301x13
    RenderBlock {DIV} at (205,0) size 95x15 [color=#000000CC]
      RenderText {#text} at (6,0) size 89x14
        text run at (6,0) width 89: "Strong Password"
layer at (329,70) size 206x15 backgroundClip at (329,70) size 205x12 clip at (329,70) size 205x12
  RenderBlock {DIV} at (0,0) size 206x15
layer at (646,55) size 20x12 scrollWidth 94 scrollHeight 29
  RenderFlexibleBox {DIV} at (6,3) size 21x13
    RenderBlock {DIV} at (0,15) size 95x14 [color=#000000CC]
      RenderText {#text} at (6,0) size 89x14
        text run at (6,0) width 89: "Strong Password"
layer at (646,55) size 20x15 backgroundClip at (646,55) size 20x12 clip at (646,55) size 20x12
  RenderBlock {DIV} at (0,0) size 20x15
layer at (15,148) size 140x12 scrollHeight 15
  RenderFlexibleBox {DIV} at (6,47) size 141x13
    RenderBlock {DIV} at (45,0) size 95x15 [color=#000000CC]
      RenderText {#text} at (6,0) size 89x14
        text run at (6,0) width 89: "Strong Password"
layer at (15,148) size 46x15 backgroundClip at (15,148) size 45x12 clip at (15,148) size 45x12
  RenderBlock {DIV} at (0,0) size 46x15
layer at (172,133) size 20x12 scrollWidth 94 scrollHeight 29
  RenderFlexibleBox {DIV} at (6,47) size 21x13
    RenderBlock {DIV} at (0,15) size 95x14 [color=#000000CC]
      RenderText {#text} at (6,0) size 89x14
        text run at (6,0) width 89: "Strong Password"
layer at (172,133) size 20x15 backgroundClip at (172,133) size 20x12 clip at (172,133) size 20x12
  RenderBlock {DIV} at (0,0) size 20x15
layer at (209,148) size 140x12 scrollHeight 15
  RenderFlexibleBox {DIV} at (6,3) size 141x13
    RenderBlock {DIV} at (45,0) size 95x15 [color=#000000CC]
      RenderText {#text} at (6,0) size 89x14
        text run at (6,0) width 89: "Strong Password"
layer at (209,148) size 46x15 backgroundClip at (209,148) size 45x12 clip at (209,148) size 45x12
  RenderBlock {DIV} at (0,0) size 46x15
layer at (15,70) size 46x12 backgroundClip at (15,70) size 45x12 clip at (15,70) size 45x12 scrollWidth 284
  RenderBlock {DIV} at (0,0) size 46x12 [color=#00000099]
    RenderText {#text} at (0,0) size 284x12
      text run at (0,0) width 284: "A quick brown fox jumped over the lazy dog."
layer at (172,70) size 46x12 backgroundClip at (172,70) size 45x12 clip at (172,70) size 45x12 scrollWidth 284
  RenderBlock {DIV} at (0,0) size 46x12 [color=#00000099]
    RenderText {#text} at (0,0) size 284x12
      text run at (0,0) width 284: "A quick brown fox jumped over the lazy dog."
layer at (329,70) size 206x12 backgroundClip at (329,70) size 205x12 clip at (329,70) size 205x12 scrollWidth 284
  RenderBlock {DIV} at (0,0) size 206x12 [color=#00000099]
    RenderText {#text} at (0,0) size 284x12
      text run at (0,0) width 284: "A quick brown fox jumped over the lazy dog."
layer at (646,55) size 20x12 scrollWidth 284
  RenderBlock {DIV} at (0,0) size 20x12 [color=#00000099]
    RenderText {#text} at (0,0) size 284x12
      text run at (0,0) width 284: "A quick brown fox jumped over the lazy dog."
layer at (15,148) size 46x12 backgroundClip at (15,148) size 45x12 clip at (15,148) size 45x12 scrollWidth 284
  RenderBlock {DIV} at (0,0) size 46x12 [color=#00000099]
    RenderText {#text} at (0,0) size 284x12
      text run at (0,0) width 284: "A quick brown fox jumped over the lazy dog."
layer at (172,133) size 20x12 scrollWidth 284
  RenderBlock {DIV} at (0,0) size 20x12 [color=#00000099]
    RenderText {#text} at (0,0) size 284x12
      text run at (0,0) width 284: "A quick brown fox jumped over the lazy dog."
