layer at (0,0) size 800x600
  RenderView at (0,0) size 800x600
layer at (0,0) size 800x600
  RenderBlock {HTML} at (0,0) size 800x600
    RenderBody {BODY} at (8,8) size 784x576
      RenderBlock {P} at (0,0) size 784x18
        RenderText {#text} at (0,0) size 574x17
          text run at (0,0) width 574: "The following is a test for DOM manipulation within <ruby>: Inserting a new <rt> element"
      RenderBlock {P} at (0,34) size 784x18
        RenderText {#text} at (0,0) size 436x17
          text run at (0,0) width 436: "Both lines should look identical (the first line is the one manipulated)."
      RenderBlock (anonymous) at (0,68) size 784x36
        RenderBR {BR} at (0,0) size 0x17
        RenderBR {BR} at (0,18) size 0x17
      RenderBlock {P} at (0,120) size 784x28
        RenderText {#text} at (0,10) size 155x17
          text run at (0,10) width 155: "<ruby> is defined in the "
        RenderInline {RUBY} at (155,10) size 118x17
          RenderInline (generated) at (150,10) size 42x17
            RenderInline {SPAN} at (159,10) size 23x17
              RenderText {#text} at (159,10) size 23x17
                text run at (159,10) width 23: "HT"
          RenderBlock {RT} at (150,0) size 42x10
            RenderText {#text} at (0,0) size 41x10
              text run at (0,0) width 41: "Hyper-text"
          RenderInline (generated) at (191,10) size 70x17
            RenderInline {SPAN} at (213,10) size 25x17
              RenderText {#text} at (213,10) size 25x17
                text run at (213,10) width 25: "ML"
          RenderBlock {RT} at (191,0) size 70x10
            RenderText {#text} at (0,0) size 69x10
              text run at (0,0) width 69: "Markup Language"
          RenderInline (generated) at (260,10) size 9x17
            RenderText {#text} at (260,10) size 9x17
              text run at (260,10) width 9: "5"
        RenderText {#text} at (268,10) size 37x17
          text run at (268,10) width 37: " spec."
      RenderBlock {P} at (0,164) size 784x28
        RenderText {#text} at (0,10) size 155x17
          text run at (0,10) width 155: "<ruby> is defined in the "
        RenderInline {RUBY} at (155,10) size 118x17
          RenderInline (generated) at (150,10) size 42x17
            RenderInline {SPAN} at (159,10) size 23x17
              RenderText {#text} at (159,10) size 23x17
                text run at (159,10) width 23: "HT"
          RenderBlock {RT} at (150,0) size 42x10
            RenderText {#text} at (0,0) size 41x10
              text run at (0,0) width 41: "Hyper-text"
          RenderInline (generated) at (191,10) size 70x17
            RenderInline {SPAN} at (213,10) size 25x17
              RenderText {#text} at (213,10) size 25x17
                text run at (213,10) width 25: "ML"
          RenderBlock {RT} at (191,0) size 70x10
            RenderText {#text} at (0,0) size 69x10
              text run at (0,0) width 69: "Markup Language"
          RenderInline (generated) at (260,10) size 9x17
            RenderText {#text} at (260,10) size 9x17
              text run at (260,10) width 9: "5"
        RenderText {#text} at (268,10) size 37x17
          text run at (268,10) width 37: " spec."
